// Jest Snapshot v1, https://goo.gl/fbAQLP

exports[`@components/SoundSearch renders correctly 1`] = `
<ul
  className="navbar-nav"
>
  <form
    className="form-inline"
    noValidate={true}
  >
    <div
      className="input-group"
    >
      <input
        className="input-rounded form-control-sm form-control"
        onChange={[Function]}
        placeholder="szukaj dżwięku"
        type="search"
      />
    </div>
  </form>
</ul>
`;
