// Jest Snapshot v1, https://goo.gl/fbAQLP

exports[`@components/ExternalAuthProviders renders correctly 1`] = `
<div
  className="row"
>
  <div
    className="mt-3 col-md-12"
  >
    <div
      className="btn-block btn-group"
      role="group"
    >
      <button
        className="btn btn-primary active"
        onClick={[Function]}
        type={undefined}
      >
        <svg
          aria-hidden="true"
          className="svg-inline--fa fa-google fa-w-16 fa-fw fa-lg "
          data-icon="google"
          data-prefix="fab"
          role="img"
          style={Object {}}
          viewBox="0 0 488 512"
          xmlns="http://www.w3.org/2000/svg"
        >
          <path
            d="M488 261.8C488 403.3 391.1 504 248 504 110.8 504 0 393.2 0 256S110.8 8 248 8c66.8 0 123 24.5 166.3 64.9l-67.5 64.9C258.5 52.6 94.3 116.6 94.3 256c0 86.5 69.1 156.6 153.7 156.6 98.2 0 135-70.4 140.8-106.9H248v-85.3h236.1c2.3 12.7 3.9 24.9 3.9 41.4z"
            fill="currentColor"
            style={Object {}}
          />
        </svg>
      </button>
      <button
        className="btn-block btn btn-primary"
        onClick={[Function]}
        type="button"
      >
          
        Login with Google
      </button>
    </div>
  </div>
  <div
    className="mt-3 col-md-12"
  >
    <div
      className="btn-block btn-group"
      role="group"
    >
      <button
        className="btn btn-primary active"
        onClick={[Function]}
        type={undefined}
      >
        <svg
          aria-hidden="true"
          className="svg-inline--fa fa-facebook fa-w-14 fa-fw fa-lg "
          data-icon="facebook"
          data-prefix="fab"
          role="img"
          style={Object {}}
          viewBox="0 0 448 512"
          xmlns="http://www.w3.org/2000/svg"
        >
          <path
            d="M448 56.7v398.5c0 13.7-11.1 24.7-24.7 24.7H309.1V306.5h58.2l8.7-67.6h-67v-43.2c0-19.6 5.4-32.9 33.5-32.9h35.8v-60.5c-6.2-.8-27.4-2.7-52.2-2.7-51.6 0-87 31.5-87 89.4v49.9h-58.4v67.6h58.4V480H24.7C11.1 480 0 468.9 0 455.3V56.7C0 43.1 11.1 32 24.7 32h398.5c13.7 0 24.8 11.1 24.8 24.7z"
            fill="currentColor"
            style={Object {}}
          />
        </svg>
      </button>
      <button
        className="btn-block btn btn-primary"
        onClick={[Function]}
        type="button"
      >
          
        Login with Facebook
      </button>
    </div>
  </div>
</div>
`;
