// Jest Snapshot v1, https://goo.gl/fbAQLP

exports[`@components/ExternalAuthProviders renders correctly 1`] = `
<div
  className="row"
>
  <div
    className="mt-3 col-md-12"
  >
    <div
      className="btn-block btn-group"
      role="group"
    >
      <button
        aria-label={null}
        className="btn btn-primary active"
        onClick={[Function]}
      />
      <button
        aria-label={null}
        className="btn-block btn btn-primary"
        onClick={[Function]}
        type="button"
      >
          
        Login with Google
      </button>
    </div>
  </div>
  <div
    className="mt-3 col-md-12"
  >
    <div
      className="btn-block btn-group"
      role="group"
    >
      <button
        aria-label={null}
        className="btn btn-primary active"
        onClick={[Function]}
      />
      <button
        aria-label={null}
        className="btn-block btn btn-primary"
        onClick={[Function]}
        type="button"
      >
          
        Login with Facebook
      </button>
    </div>
  </div>
</div>
`;
