// Vitest Snapshot v1, https://vitest.dev/guide/snapshot.html

exports[`store/actions > @app/FILTER_SOUNDS 1`] = `
{
  "payload": {
    "query": "foo",
  },
  "type": "@app/FILTER_SOUNDS",
}
`;

exports[`store/actions > @app/LOAD_SOUNDS 1`] = `
{
  "payload": {
    "sounds": {
      "123": {
        "id": "123",
        "name": "Foo",
        "path": "/foo/bar.mp3",
      },
    },
  },
  "type": "@app/LOAD_SOUNDS",
}
`;
