// Jest Snapshot v1, https://goo.gl/fbAQLP

exports[`store/actions @app/FILTER_SOUNDS 1`] = `
Object {
  "payload": Object {
    "query": "foo",
  },
  "type": "@app/FILTER_SOUNDS",
}
`;

exports[`store/actions @app/LOAD_SOUNDS 1`] = `
Object {
  "payload": Object {
    "sounds": Object {
      "123": Object {
        "id": "123",
        "name": "Foo",
        "path": "/foo/bar.mp3",
      },
    },
  },
  "type": "@app/LOAD_SOUNDS",
}
`;
