// Vitest Snapshot v1, https://vitest.dev/guide/snapshot.html

exports[`@components/Navigation > renders correctly 1`] = `
{
  "asFragment": [Function],
  "baseElement": <body>
    <div>
      <nav
        class="navigation navbar navbar-expand-md navbar-dark bg-dark"
      >
        <div
          class="container-fluid"
        >
          <a
            class="navbar-brand"
            href="/"
          >
            <img
              alt="Yogi PLAY"
              class="d-inline-block align-top"
              src="/icons/icon-64x64.png"
              width="30"
            />
             
            Yogi PLAY
          </a>
          <button
            aria-label="Toggle navigation"
            class="navbar-toggler"
            type="button"
          >
            <span
              class="navbar-toggler-icon"
            />
          </button>
          <div
            class="justify-content-between collapse navbar-collapse"
          >
            <ul
              class="mr-auto navbar-nav"
            >
              <li
                class="nav-item"
              >
                <a
                  class="nav-link text-uppercase"
                  href="/ulubione"
                >
                  Ulubione
                </a>
              </li>
              <li
                class="nav-item"
              >
                <a
                  class="nav-link text-uppercase"
                  href="https://github.com/holokron/yogi-play/issues/new?labels=sounds&assignee=michalv8"
                  rel="noopener noreferrer"
                  target="_blank"
                >
                  Dodaj dźwięk
                </a>
              </li>
            </ul>
            <ul
              class="mr-auto navbar-nav"
            >
              <form
                class=""
                novalidate=""
              >
                <div
                  class="input-group"
                >
                  <input
                    class="input-rounded form-control-sm form-control"
                    placeholder="szukaj dżwięku"
                    type="search"
                  />
                </div>
              </form>
            </ul>
            <ul
              class="navbar-nav"
            >
              <form
                class=""
                novalidate=""
              >
                <div
                  class="input-group"
                >
                  <input
                    class="input-rounded-left form-control-sm form-control"
                    placeholder="wpisz tekst"
                    type="text"
                  />
                  <button
                    class="button-rounded-right btn btn-primary btn-sm"
                    type="button"
                  >
                    Czytaj
                  </button>
                </div>
              </form>
            </ul>
          </div>
        </div>
      </nav>
    </div>
  </body>,
  "container": <div>
    <nav
      class="navigation navbar navbar-expand-md navbar-dark bg-dark"
    >
      <div
        class="container-fluid"
      >
        <a
          class="navbar-brand"
          href="/"
        >
          <img
            alt="Yogi PLAY"
            class="d-inline-block align-top"
            src="/icons/icon-64x64.png"
            width="30"
          />
           
          Yogi PLAY
        </a>
        <button
          aria-label="Toggle navigation"
          class="navbar-toggler"
          type="button"
        >
          <span
            class="navbar-toggler-icon"
          />
        </button>
        <div
          class="justify-content-between collapse navbar-collapse"
        >
          <ul
            class="mr-auto navbar-nav"
          >
            <li
              class="nav-item"
            >
              <a
                class="nav-link text-uppercase"
                href="/ulubione"
              >
                Ulubione
              </a>
            </li>
            <li
              class="nav-item"
            >
              <a
                class="nav-link text-uppercase"
                href="https://github.com/holokron/yogi-play/issues/new?labels=sounds&assignee=michalv8"
                rel="noopener noreferrer"
                target="_blank"
              >
                Dodaj dźwięk
              </a>
            </li>
          </ul>
          <ul
            class="mr-auto navbar-nav"
          >
            <form
              class=""
              novalidate=""
            >
              <div
                class="input-group"
              >
                <input
                  class="input-rounded form-control-sm form-control"
                  placeholder="szukaj dżwięku"
                  type="search"
                />
              </div>
            </form>
          </ul>
          <ul
            class="navbar-nav"
          >
            <form
              class=""
              novalidate=""
            >
              <div
                class="input-group"
              >
                <input
                  class="input-rounded-left form-control-sm form-control"
                  placeholder="wpisz tekst"
                  type="text"
                />
                <button
                  class="button-rounded-right btn btn-primary btn-sm"
                  type="button"
                >
                  Czytaj
                </button>
              </div>
            </form>
          </ul>
        </div>
      </div>
    </nav>
  </div>,
  "debug": [Function],
  "findAllByAltText": [Function],
  "findAllByDisplayValue": [Function],
  "findAllByLabelText": [Function],
  "findAllByPlaceholderText": [Function],
  "findAllByRole": [Function],
  "findAllByTestId": [Function],
  "findAllByText": [Function],
  "findAllByTitle": [Function],
  "findByAltText": [Function],
  "findByDisplayValue": [Function],
  "findByLabelText": [Function],
  "findByPlaceholderText": [Function],
  "findByRole": [Function],
  "findByTestId": [Function],
  "findByText": [Function],
  "findByTitle": [Function],
  "getAllByAltText": [Function],
  "getAllByDisplayValue": [Function],
  "getAllByLabelText": [Function],
  "getAllByPlaceholderText": [Function],
  "getAllByRole": [Function],
  "getAllByTestId": [Function],
  "getAllByText": [Function],
  "getAllByTitle": [Function],
  "getByAltText": [Function],
  "getByDisplayValue": [Function],
  "getByLabelText": [Function],
  "getByPlaceholderText": [Function],
  "getByRole": [Function],
  "getByTestId": [Function],
  "getByText": [Function],
  "getByTitle": [Function],
  "queryAllByAltText": [Function],
  "queryAllByDisplayValue": [Function],
  "queryAllByLabelText": [Function],
  "queryAllByPlaceholderText": [Function],
  "queryAllByRole": [Function],
  "queryAllByTestId": [Function],
  "queryAllByText": [Function],
  "queryAllByTitle": [Function],
  "queryByAltText": [Function],
  "queryByDisplayValue": [Function],
  "queryByLabelText": [Function],
  "queryByPlaceholderText": [Function],
  "queryByRole": [Function],
  "queryByTestId": [Function],
  "queryByText": [Function],
  "queryByTitle": [Function],
  "rerender": [Function],
  "unmount": [Function],
}
`;
