// Jest Snapshot v1, https://goo.gl/fbAQLP

exports[`@components/Navigation renders correctly 1`] = `
<nav
  className="navigation navbar navbar-expand-md navbar-dark bg-dark"
>
  <a
    className="navbar-brand"
    href="/"
    onClick={[Function]}
  >
    <img
      alt="Yogi PLAY"
      className="d-inline-block align-top"
      src="/icons/icon-64x64.png"
      width={30}
    />
     Yogi PLAY
  </a>
  <button
    className="navbar-toggler"
    onClick={[Function]}
    type="button"
  >
    <span
      className="navbar-toggler-icon"
    />
  </button>
  <div
    className="collapse navbar-collapse"
    style={Object {}}
  >
    <ul
      className="mr-auto navbar-nav"
    >
      <li
        className="nav-item"
      >
        <a
          className="nav-link text-uppercase"
          href="/ulubione"
          onClick={[Function]}
        >
          Ulubione
        </a>
      </li>
      <li
        className="nav-item"
      >
        <a
          className="nav-link text-uppercase"
          href="https://github.com/holokron/yogi-play/issues/new?labels=sounds&assignee=michalv8"
          rel="noopener noreferrer"
          target="_blank"
        >
          Dodaj dźwięk
        </a>
      </li>
    </ul>
    <ul
      className="mr-auto navbar-nav"
    >
      <form
        className="form-inline"
        noValidate={true}
      >
        <div
          className="input-group"
        >
          <input
            className="input-rounded form-control-sm form-control"
            onChange={[Function]}
            placeholder="szukaj dżwięku"
            type="search"
            value=""
          />
        </div>
      </form>
    </ul>
    <ul
      className="mr-auto navbar-nav"
    >
      <form
        className="form-inline"
        noValidate={true}
        onSubmit={[Function]}
      >
        <div
          className="input-group"
        >
          <input
            className="input-rounded-left form-control-sm form-control"
            onChange={[Function]}
            placeholder="wpisz tekst"
            type="text"
          />
          <div
            className="input-group-append"
          >
            <button
              aria-label={null}
              className="button-rounded-right btn btn-primary btn-sm"
              onClick={[Function]}
              type="button"
            >
              Czytaj
            </button>
          </div>
        </div>
      </form>
    </ul>
  </div>
</nav>
`;
