// Jest Snapshot v1, https://goo.gl/fbAQLP

exports[`@components/MainMenu renders correctly 1`] = `
<ul
  className="mr-auto navbar-nav"
>
  <li
    className="nav-item"
  >
    <a
      className="nav-link text-uppercase"
      href="/ulubione"
      onClick={[Function]}
    >
      Ulubione
    </a>
  </li>
  <li
    className="nav-item"
  >
    <a
      className="nav-link text-uppercase"
      href="https://github.com/holokron/yogi-play/issues/new?labels=sounds&assignee=michalv8"
      rel="noopener noreferrer"
      target="_blank"
    >
      Dodaj dźwięk
    </a>
  </li>
</ul>
`;
