// Jest Snapshot v1, https://goo.gl/fbAQLP

exports[`@components/TextToSpeech renders correctly with props: {"readText": [Function readText]} 1`] = `
<ul
  className="navbar-nav"
>
  <form
    className="form-inline"
    noValidate={true}
    onSubmit={[Function]}
  >
    <div
      className="input-group"
    >
      <input
        className="input-rounded-left form-control-sm form-control"
        onChange={[Function]}
        placeholder="wpisz tekst"
        type="text"
      />
      <div
        className="input-group-append"
      >
        <button
          aria-label={null}
          className="button-rounded-right btn btn-primary btn-sm"
          onClick={[Function]}
          type="button"
        >
          Czytaj
        </button>
      </div>
    </div>
  </form>
</ul>
`;
